.\gradlew.bat : WARNING: A restricted method in java.lang.System has been called
En línea: 1 Carácter: 1
+ .\gradlew.bat :app:assembleDebug 2>&1 | Tee-Object -FilePath build_ou ...
+ ~~~~~~~~~~~~~~~~~~~~~~~~~~~~~~~~~~~~~
    + CategoryInfo          : NotSpecified: (WARNING: A rest...has been called:String) [], Remot 
   eException
    + FullyQualifiedErrorId : NativeCommandError
 
WARNING: java.lang.System::load has been called by 
net.rubygrapefruit.platform.internal.NativeLibraryLoader in an unnamed module (file:/C:/Users/JON
ATAN/.gradle/wrapper/dists/gradle-8.13-bin/5xuhj0ry160q40clulazy9h7d/gradle-8.13/lib/native-platf
orm-0.22-milestone-28.jar)
WARNING: Use --enable-native-access=ALL-UNNAMED to avoid a warning for callers in this module
WARNING: Restricted methods will be blocked in a future release unless native access is enabled

Starting a Gradle Daemon, 1 busy and 2 incompatible and 3 stopped Daemons could not be reused, use --status for details
